* using log directory ‘/home/caio/Dropbox/pacu/pacu.Rcheck’
* using R version 4.3.3 (2024-02-29)
* using platform: x86_64-pc-linux-gnu (64-bit)
* R was compiled by
    gcc (Ubuntu 13.2.0-23ubuntu3) 13.2.0
    GNU Fortran (Ubuntu 13.2.0-23ubuntu3) 13.2.0
* running under: Ubuntu 24.04.4 LTS
* using session charset: UTF-8
* using options ‘--no-tests --no-build-vignettes’
* checking for file ‘pacu/DESCRIPTION’ ... OK
* checking extension type ... Package
* this is package ‘pacu’ version ‘0.1.77’
* package encoding: UTF-8
* checking package namespace information ... OK
* checking package dependencies ... OK
* checking if this is a source package ... OK
* checking if there is a namespace ... OK
* checking for executable files ... OK
* checking for hidden files and directories ... OK
* checking for portable file names ... OK
* checking for sufficient/correct file permissions ... OK
* checking whether package ‘pacu’ can be installed ... OK
* checking installed package size ... NOTE
  installed size is  5.3Mb
  sub-directories of 1Mb or more:
    extdata   4.8Mb
* checking package directory ... OK
* checking DESCRIPTION meta-information ... OK
* checking top-level files ... OK
* checking for left-over files ... OK
* checking index information ... OK
* checking package subdirectories ... OK
* checking R files for non-ASCII characters ... OK
* checking R files for syntax errors ... OK
* checking whether the package can be loaded ... OK
* checking whether the package can be loaded with stated dependencies ... OK
* checking whether the package can be unloaded cleanly ... OK
* checking whether the namespace can be loaded with stated dependencies ... OK
* checking whether the namespace can be unloaded cleanly ... OK
* checking loading without being on the library search path ... OK
* checking startup messages can be suppressed ... OK
* checking dependencies in R code ... OK
* checking S3 generic/method consistency ... OK
* checking replacement functions ... OK
* checking foreign function calls ... OK
* checking R code for possible problems ... OK
* checking Rd files ... OK
* checking Rd metadata ... OK
* checking Rd cross-references ... OK
* checking for missing documentation entries ... OK
* checking for code/documentation mismatches ... OK
* checking Rd \usage sections ... OK
* checking Rd contents ... OK
* checking for unstated dependencies in examples ... OK
* checking files in ‘vignettes’ ... WARNING
Files in the 'vignettes' directory but no files in 'inst/doc':
  ‘pacu.Rmd’ ‘pacu_faq.Rmd’ ‘pacu_sat.Rmd’ ‘pacu_weather.Rmd’
  ‘pacu_ym.Rmd’
* checking examples ... OK
* checking for unstated dependencies in ‘tests’ ... OK
* checking tests ... SKIPPED
* checking for unstated dependencies in vignettes ... OK
* checking package vignettes in ‘inst/doc’ ... WARNING
Directory 'inst/doc' does not exist.
Package vignettes without corresponding single PDF/HTML:
  ‘pacu.Rmd’
  ‘pacu_faq.Rmd’
  ‘pacu_sat.Rmd’
  ‘pacu_weather.Rmd’
  ‘pacu_ym.Rmd’
* checking running R code from vignettes ... OK
  ‘pacu.Rmd’ using ‘UTF-8’... OK
  ‘pacu_faq.Rmd’ using ‘UTF-8’... OK
  ‘pacu_sat.Rmd’ using ‘UTF-8’... OK
  ‘pacu_weather.Rmd’ using ‘UTF-8’... OK
  ‘pacu_ym.Rmd’ using ‘UTF-8’... OK
* checking re-building of vignette outputs ... SKIPPED
* checking PDF version of manual ... OK
* DONE
Status: 2 WARNINGs, 1 NOTE
