Hmm ... looks like a package
Converting parsed Rd's to LaTeX ..
Creating pdf output from LaTeX ...
Warning in texi2dvi(file = file, pdf = TRUE, clean = clean, quiet = quiet,  :
  texi2dvi script/program not available, using emulation
This is pdfTeX, Version 3.141592653-2.6-1.40.29 (TeX Live 2026) (preloaded format=pdflatex)
 restricted \write18 enabled.
entering extended mode
(./Rd2.tex
LaTeX2e <2025-11-01>
L3 programming layer <2026-01-19>

(/home/caio/.TinyTeX/texmf-dist/tex/latex/base/book.cls
Document Class: book 2025/01/22 v1.4n Standard LaTeX document class
(/home/caio/.TinyTeX/texmf-dist/tex/latex/base/bk10.clo)) (/usr/share/R/share/texmf/tex/latex/Rd.sty (/home/caio/.TinyTeX/texmf-dist/tex/latex/base/ifthen.sty) (/home/caio/.TinyTeX/texmf-dist/tex/latex/tools/longtable.sty) (/home/caio/.TinyTeX/texmf-dist/tex/latex/tools/bm.sty) (/home/caio/.TinyTeX/texmf-dist/tex/latex/base/alltt.sty) (/home/caio/.TinyTeX/texmf-dist/tex/latex/tools/verbatim.sty) (/home/caio/.TinyTeX/texmf-dist/tex/latex/url/url.sty) (/home/caio/.TinyTeX/texmf-dist/tex/latex/base/textcomp.sty) (/home/caio/.TinyTeX/texmf-dist/tex/latex/amsmath/amsmath.sty
For additional information on amsmath, use the `?' option.
(/home/caio/.TinyTeX/texmf-dist/tex/latex/amsmath/amstext.sty (/home/caio/.TinyTeX/texmf-dist/tex/latex/amsmath/amsgen.sty)) (/home/caio/.TinyTeX/texmf-dist/tex/latex/amsmath/amsbsy.sty) (/home/caio/.TinyTeX/texmf-dist/tex/latex/amsmath/amsopn.sty)) (/home/caio/.TinyTeX/texmf-dist/tex/latex/amsfonts/amsfonts.sty) (/home/caio/.TinyTeX/texmf-dist/tex/latex/amsfonts/amssymb.sty) (/home/caio/.TinyTeX/texmf-dist/tex/latex/jknapltx/mathrsfs.sty) (/home/caio/.TinyTeX/texmf-dist/tex/generic/iftex/iftex.sty) (/home/caio/.TinyTeX/texmf-dist/tex/latex/base/fontenc.sty) (/home/caio/.TinyTeX/texmf-dist/tex/latex/psnfss/times.sty) (/home/caio/.TinyTeX/texmf-dist/tex/latex/inconsolata/zi4.sty `inconsolata-zi4' v1.12, 2019/05/17 Text macros for Inconsolata (msharpe) (/home/caio/.TinyTeX/texmf-dist/tex/latex/xkeyval/xkeyval.sty (/home/caio/.TinyTeX/texmf-dist/tex/generic/xkeyval/xkeyval.tex (/home/caio/.TinyTeX/texmf-dist/tex/generic/xkeyval/xkvutils.tex (/home/caio/.TinyTeX/texmf-dist/tex/generic/xkeyval/keyval.tex))))) (/home/caio/.TinyTeX/texmf-dist/tex/latex/graphics/color.sty (/home/caio/.TinyTeX/texmf-dist/tex/latex/graphics-cfg/color.cfg) (/home/caio/.TinyTeX/texmf-dist/tex/latex/graphics-def/pdftex.def) (/home/caio/.TinyTeX/texmf-dist/tex/latex/graphics/mathcolor.ltx)) (/home/caio/.TinyTeX/texmf-dist/tex/latex/hyperref/hyperref.sty (/home/caio/.TinyTeX/texmf-dist/tex/latex/kvsetkeys/kvsetkeys.sty) (/home/caio/.TinyTeX/texmf-dist/tex/generic/kvdefinekeys/kvdefinekeys.sty) (/home/caio/.TinyTeX/texmf-dist/tex/generic/pdfescape/pdfescape.sty (/home/caio/.TinyTeX/texmf-dist/tex/generic/ltxcmds/ltxcmds.sty) (/home/caio/.TinyTeX/texmf-dist/tex/generic/pdftexcmds/pdftexcmds.sty (/home/caio/.TinyTeX/texmf-dist/tex/generic/infwarerr/infwarerr.sty))) (/home/caio/.TinyTeX/texmf-dist/tex/latex/hycolor/hycolor.sty) (/home/caio/.TinyTeX/texmf-dist/tex/latex/hyperref/nameref.sty (/home/caio/.TinyTeX/texmf-dist/tex/latex/refcount/refcount.sty) (/home/caio/.TinyTeX/texmf-dist/tex/generic/gettitlestring/gettitlestring.sty (/home/caio/.TinyTeX/texmf-dist/tex/latex/kvoptions/kvoptions.sty))) (/home/caio/.TinyTeX/texmf-dist/tex/latex/etoolbox/etoolbox.sty) (/home/caio/.TinyTeX/texmf-dist/tex/generic/stringenc/stringenc.sty) (/home/caio/.TinyTeX/texmf-dist/tex/latex/hyperref/pd1enc.def) (/home/caio/.TinyTeX/texmf-dist/tex/generic/intcalc/intcalc.sty) (/home/caio/.TinyTeX/texmf-dist/tex/latex/hyperref/puenc.def) (/home/caio/.TinyTeX/texmf-dist/tex/generic/bitset/bitset.sty (/home/caio/.TinyTeX/texmf-dist/tex/generic/bigintcalc/bigintcalc.sty))) (/home/caio/.TinyTeX/texmf-dist/tex/latex/hyperref/hpdftex.def (/home/caio/.TinyTeX/texmf-dist/tex/latex/rerunfilecheck/rerunfilecheck.sty (/home/caio/.TinyTeX/texmf-dist/tex/generic/uniquecounter/uniquecounter.sty)))) (/home/caio/.TinyTeX/texmf-dist/tex/latex/base/makeidx.sty) (/home/caio/.TinyTeX/texmf-dist/tex/latex/base/inputenc.sty)
Writing index file Rd2.idx
(/home/caio/.TinyTeX/texmf-dist/tex/latex/psnfss/t1ptm.fd) (/home/caio/.TinyTeX/texmf-dist/tex/latex/l3backend/l3backend-pdftex.def)
No file Rd2.aux.
(/home/caio/.TinyTeX/texmf-dist/tex/latex/inconsolata/t1zi4.fd) (/home/caio/.TinyTeX/texmf-dist/tex/latex/amsfonts/umsa.fd) (/home/caio/.TinyTeX/texmf-dist/tex/latex/amsfonts/umsb.fd) (/home/caio/.TinyTeX/texmf-dist/tex/latex/jknapltx/ursfs.fd) (/home/caio/.TinyTeX/texmf-dist/tex/latex/psnfss/t1phv.fd)
No file Rd2.toc.
[1{/home/caio/.TinyTeX/texmf-var/fonts/map/pdftex/updmap/pdftex.map}{/home/caio/.TinyTeX/texmf-dist/fonts/enc/dvips/base/8r.enc}{/home/caio/.TinyTeX/texmf-dist/fonts/enc/dvips/inconsolata/i4-t1-0.enc}] (/home/caio/.TinyTeX/texmf-dist/tex/latex/inconsolata/ts1zi4.fd) [2{/home/caio/.TinyTeX/texmf-dist/fonts/enc/dvips/inconsolata/i4-ts1.enc}] [3] [4] [5] [6] [7] [8] [9] [10] [11] [12] [13] [14] [15] [16] [17] [18]
Overfull \hbox (67.58032pt too wide) in paragraph at lines 1026--1033
\T1/ptm/m/n/10 client: [][]$\T1/zi4/m/n/10 https : / / documentation . dataspace . copernicus . eu / APIs / SentinelHub / Overview / Authentication .
[19] [20] [21]
Underfull \vbox (badness 10000) has occurred while \output is active [22] [23] [24] [25] [26] [27] [28] [29] [30]
No file Rd2.ind.
[31] (./Rd2.aux)

Package rerunfilecheck Warning: File `Rd2.out' has changed.
(rerunfilecheck)                Rerun to get outlines right
(rerunfilecheck)                or use package `bookmark'.

 )
(see the transcript file for additional information)
pdfTeX warning (dest): name{Rfn.krigeTg} has been referenced but does not exist, replaced by a fixed one


pdfTeX warning (dest): name{Rfn.idw} has been referenced but does not exist, replaced by a fixed one


pdfTeX warning (dest): name{Rfn.krige} has been referenced but does not exist, replaced by a fixed one


pdfTeX warning (dest): name{Rfn.valid.Rul.udunits} has been referenced but does not exist, replaced by a fixed one


pdfTeX warning (dest): name{Rfn.tm.Rul.rgb} has been referenced but does not exist, replaced by a fixed one


pdfTeX warning (dest): name{Rfn.wrap.Rul.plots} has been referenced but does not exist, replaced by a fixed one


pdfTeX warning (dest): name{Rfn.hcl.pals} has been referenced but does not exist, replaced by a fixed one

</home/caio/.TinyTeX/texmf-dist/fonts/type1/public/inconsolata/Inconsolata-zi4r.pfb></home/caio/.TinyTeX/texmf-dist/fonts/type1/public/amsfonts/cm/cmmi10.pfb></home/caio/.TinyTeX/texmf-dist/fonts/type1/public/amsfonts/cm/cmr10.pfb></home/caio/.TinyTeX/texmf-dist/fonts/type1/public/amsfonts/cm/cmsy10.pfb></home/caio/.TinyTeX/texmf-dist/fonts/type1/urw/helvetic/uhvr8a.pfb></home/caio/.TinyTeX/texmf-dist/fonts/type1/urw/times/utmb8a.pfb></home/caio/.TinyTeX/texmf-dist/fonts/type1/urw/times/utmr8a.pfb></home/caio/.TinyTeX/texmf-dist/fonts/type1/urw/times/utmr8a.pfb></home/caio/.TinyTeX/texmf-dist/fonts/type1/urw/times/utmri8a.pfb>
Output written on Rd2.pdf (31 pages, 165893 bytes).
Transcript written on Rd2.log.
This is makeindex, version 2.17 [TeX Live 2023] (kpathsea + Thai support).
Scanning input file Rd2.idx....done (35 entries accepted, 0 rejected).
Sorting entries....done (181 comparisons).
Generating output file Rd2.ind....done (65 lines written, 0 warnings).
Output written in Rd2.ind.
Transcript written in Rd2.ilg.
This is pdfTeX, Version 3.141592653-2.6-1.40.29 (TeX Live 2026) (preloaded format=pdflatex)
 restricted \write18 enabled.
entering extended mode
(./Rd2.tex
LaTeX2e <2025-11-01>
L3 programming layer <2026-01-19>

(/home/caio/.TinyTeX/texmf-dist/tex/latex/base/book.cls
Document Class: book 2025/01/22 v1.4n Standard LaTeX document class
(/home/caio/.TinyTeX/texmf-dist/tex/latex/base/bk10.clo)) (/usr/share/R/share/texmf/tex/latex/Rd.sty (/home/caio/.TinyTeX/texmf-dist/tex/latex/base/ifthen.sty) (/home/caio/.TinyTeX/texmf-dist/tex/latex/tools/longtable.sty) (/home/caio/.TinyTeX/texmf-dist/tex/latex/tools/bm.sty) (/home/caio/.TinyTeX/texmf-dist/tex/latex/base/alltt.sty) (/home/caio/.TinyTeX/texmf-dist/tex/latex/tools/verbatim.sty) (/home/caio/.TinyTeX/texmf-dist/tex/latex/url/url.sty) (/home/caio/.TinyTeX/texmf-dist/tex/latex/base/textcomp.sty) (/home/caio/.TinyTeX/texmf-dist/tex/latex/amsmath/amsmath.sty
For additional information on amsmath, use the `?' option.
(/home/caio/.TinyTeX/texmf-dist/tex/latex/amsmath/amstext.sty (/home/caio/.TinyTeX/texmf-dist/tex/latex/amsmath/amsgen.sty)) (/home/caio/.TinyTeX/texmf-dist/tex/latex/amsmath/amsbsy.sty) (/home/caio/.TinyTeX/texmf-dist/tex/latex/amsmath/amsopn.sty)) (/home/caio/.TinyTeX/texmf-dist/tex/latex/amsfonts/amsfonts.sty) (/home/caio/.TinyTeX/texmf-dist/tex/latex/amsfonts/amssymb.sty) (/home/caio/.TinyTeX/texmf-dist/tex/latex/jknapltx/mathrsfs.sty) (/home/caio/.TinyTeX/texmf-dist/tex/generic/iftex/iftex.sty) (/home/caio/.TinyTeX/texmf-dist/tex/latex/base/fontenc.sty) (/home/caio/.TinyTeX/texmf-dist/tex/latex/psnfss/times.sty) (/home/caio/.TinyTeX/texmf-dist/tex/latex/inconsolata/zi4.sty `inconsolata-zi4' v1.12, 2019/05/17 Text macros for Inconsolata (msharpe) (/home/caio/.TinyTeX/texmf-dist/tex/latex/xkeyval/xkeyval.sty (/home/caio/.TinyTeX/texmf-dist/tex/generic/xkeyval/xkeyval.tex (/home/caio/.TinyTeX/texmf-dist/tex/generic/xkeyval/xkvutils.tex (/home/caio/.TinyTeX/texmf-dist/tex/generic/xkeyval/keyval.tex))))) (/home/caio/.TinyTeX/texmf-dist/tex/latex/graphics/color.sty (/home/caio/.TinyTeX/texmf-dist/tex/latex/graphics-cfg/color.cfg) (/home/caio/.TinyTeX/texmf-dist/tex/latex/graphics-def/pdftex.def) (/home/caio/.TinyTeX/texmf-dist/tex/latex/graphics/mathcolor.ltx)) (/home/caio/.TinyTeX/texmf-dist/tex/latex/hyperref/hyperref.sty (/home/caio/.TinyTeX/texmf-dist/tex/latex/kvsetkeys/kvsetkeys.sty) (/home/caio/.TinyTeX/texmf-dist/tex/generic/kvdefinekeys/kvdefinekeys.sty) (/home/caio/.TinyTeX/texmf-dist/tex/generic/pdfescape/pdfescape.sty (/home/caio/.TinyTeX/texmf-dist/tex/generic/ltxcmds/ltxcmds.sty) (/home/caio/.TinyTeX/texmf-dist/tex/generic/pdftexcmds/pdftexcmds.sty (/home/caio/.TinyTeX/texmf-dist/tex/generic/infwarerr/infwarerr.sty))) (/home/caio/.TinyTeX/texmf-dist/tex/latex/hycolor/hycolor.sty) (/home/caio/.TinyTeX/texmf-dist/tex/latex/hyperref/nameref.sty (/home/caio/.TinyTeX/texmf-dist/tex/latex/refcount/refcount.sty) (/home/caio/.TinyTeX/texmf-dist/tex/generic/gettitlestring/gettitlestring.sty (/home/caio/.TinyTeX/texmf-dist/tex/latex/kvoptions/kvoptions.sty))) (/home/caio/.TinyTeX/texmf-dist/tex/latex/etoolbox/etoolbox.sty) (/home/caio/.TinyTeX/texmf-dist/tex/generic/stringenc/stringenc.sty) (/home/caio/.TinyTeX/texmf-dist/tex/latex/hyperref/pd1enc.def) (/home/caio/.TinyTeX/texmf-dist/tex/generic/intcalc/intcalc.sty) (/home/caio/.TinyTeX/texmf-dist/tex/latex/hyperref/puenc.def) (/home/caio/.TinyTeX/texmf-dist/tex/generic/bitset/bitset.sty (/home/caio/.TinyTeX/texmf-dist/tex/generic/bigintcalc/bigintcalc.sty))) (/home/caio/.TinyTeX/texmf-dist/tex/latex/hyperref/hpdftex.def (/home/caio/.TinyTeX/texmf-dist/tex/latex/rerunfilecheck/rerunfilecheck.sty (/home/caio/.TinyTeX/texmf-dist/tex/generic/uniquecounter/uniquecounter.sty)))) (/home/caio/.TinyTeX/texmf-dist/tex/latex/base/makeidx.sty) (/home/caio/.TinyTeX/texmf-dist/tex/latex/base/inputenc.sty)
Writing index file Rd2.idx
(/home/caio/.TinyTeX/texmf-dist/tex/latex/psnfss/t1ptm.fd) (/home/caio/.TinyTeX/texmf-dist/tex/latex/l3backend/l3backend-pdftex.def) (./Rd2.aux) (./Rd2.out) (./Rd2.out) (/home/caio/.TinyTeX/texmf-dist/tex/latex/inconsolata/t1zi4.fd) (/home/caio/.TinyTeX/texmf-dist/tex/latex/amsfonts/umsa.fd) (/home/caio/.TinyTeX/texmf-dist/tex/latex/amsfonts/umsb.fd) (/home/caio/.TinyTeX/texmf-dist/tex/latex/jknapltx/ursfs.fd) (/home/caio/.TinyTeX/texmf-dist/tex/latex/psnfss/t1phv.fd) (./Rd2.toc [1{/home/caio/.TinyTeX/texmf-var/fonts/map/pdftex/updmap/pdftex.map}{/home/caio/.TinyTeX/texmf-dist/fonts/enc/dvips/base/8r.enc}{/home/caio/.TinyTeX/texmf-dist/fonts/enc/dvips/inconsolata/i4-t1-0.enc}]) (/home/caio/.TinyTeX/texmf-dist/tex/latex/inconsolata/ts1zi4.fd) [2{/home/caio/.TinyTeX/texmf-dist/fonts/enc/dvips/inconsolata/i4-ts1.enc}] [3] [4] [5] [6] [7] [8] [9] [10] [11] [12] [13] [14] [15] [16] [17] [18]
Overfull \hbox (67.58032pt too wide) in paragraph at lines 1026--1033
\T1/ptm/m/n/10 client: [][]$\T1/zi4/m/n/10 https : / / documentation . dataspace . copernicus . eu / APIs / SentinelHub / Overview / Authentication .
[19] [20] [21]
Underfull \vbox (badness 10000) has occurred while \output is active [22] [23] [24] [25] [26] [27] [28] [29] [30] (./Rd2.ind [31] [32]) (./Rd2.aux)

Package rerunfilecheck Warning: File `Rd2.out' has changed.
(rerunfilecheck)                Rerun to get outlines right
(rerunfilecheck)                or use package `bookmark'.

 )
(see the transcript file for additional information)
pdfTeX warning (dest): name{Rfn.krigeTg} has been referenced but does not exist, replaced by a fixed one


pdfTeX warning (dest): name{Rfn.idw} has been referenced but does not exist, replaced by a fixed one


pdfTeX warning (dest): name{Rfn.krige} has been referenced but does not exist, replaced by a fixed one


pdfTeX warning (dest): name{Rfn.valid.Rul.udunits} has been referenced but does not exist, replaced by a fixed one


pdfTeX warning (dest): name{Rfn.tm.Rul.rgb} has been referenced but does not exist, replaced by a fixed one


pdfTeX warning (dest): name{Rfn.wrap.Rul.plots} has been referenced but does not exist, replaced by a fixed one


pdfTeX warning (dest): name{Rfn.hcl.pals} has been referenced but does not exist, replaced by a fixed one

</home/caio/.TinyTeX/texmf-dist/fonts/type1/public/inconsolata/Inconsolata-zi4r.pfb></home/caio/.TinyTeX/texmf-dist/fonts/type1/public/amsfonts/cm/cmmi10.pfb></home/caio/.TinyTeX/texmf-dist/fonts/type1/public/amsfonts/cm/cmr10.pfb></home/caio/.TinyTeX/texmf-dist/fonts/type1/public/amsfonts/cm/cmsy10.pfb></home/caio/.TinyTeX/texmf-dist/fonts/type1/urw/helvetic/uhvr8a.pfb></home/caio/.TinyTeX/texmf-dist/fonts/type1/urw/times/utmb8a.pfb></home/caio/.TinyTeX/texmf-dist/fonts/type1/urw/times/utmr8a.pfb></home/caio/.TinyTeX/texmf-dist/fonts/type1/urw/times/utmr8a.pfb></home/caio/.TinyTeX/texmf-dist/fonts/type1/urw/times/utmri8a.pfb>
Output written on Rd2.pdf (32 pages, 171281 bytes).
Transcript written on Rd2.log.
This is makeindex, version 2.17 [TeX Live 2023] (kpathsea + Thai support).
Scanning input file Rd2.idx....done (35 entries accepted, 0 rejected).
Sorting entries....done (181 comparisons).
Generating output file Rd2.ind....done (65 lines written, 0 warnings).
Output written in Rd2.ind.
Transcript written in Rd2.ilg.
This is pdfTeX, Version 3.141592653-2.6-1.40.29 (TeX Live 2026) (preloaded format=pdflatex)
 restricted \write18 enabled.
entering extended mode
(./Rd2.tex
LaTeX2e <2025-11-01>
L3 programming layer <2026-01-19>

(/home/caio/.TinyTeX/texmf-dist/tex/latex/base/book.cls
Document Class: book 2025/01/22 v1.4n Standard LaTeX document class
(/home/caio/.TinyTeX/texmf-dist/tex/latex/base/bk10.clo)) (/usr/share/R/share/texmf/tex/latex/Rd.sty (/home/caio/.TinyTeX/texmf-dist/tex/latex/base/ifthen.sty) (/home/caio/.TinyTeX/texmf-dist/tex/latex/tools/longtable.sty) (/home/caio/.TinyTeX/texmf-dist/tex/latex/tools/bm.sty) (/home/caio/.TinyTeX/texmf-dist/tex/latex/base/alltt.sty) (/home/caio/.TinyTeX/texmf-dist/tex/latex/tools/verbatim.sty) (/home/caio/.TinyTeX/texmf-dist/tex/latex/url/url.sty) (/home/caio/.TinyTeX/texmf-dist/tex/latex/base/textcomp.sty) (/home/caio/.TinyTeX/texmf-dist/tex/latex/amsmath/amsmath.sty
For additional information on amsmath, use the `?' option.
(/home/caio/.TinyTeX/texmf-dist/tex/latex/amsmath/amstext.sty (/home/caio/.TinyTeX/texmf-dist/tex/latex/amsmath/amsgen.sty)) (/home/caio/.TinyTeX/texmf-dist/tex/latex/amsmath/amsbsy.sty) (/home/caio/.TinyTeX/texmf-dist/tex/latex/amsmath/amsopn.sty)) (/home/caio/.TinyTeX/texmf-dist/tex/latex/amsfonts/amsfonts.sty) (/home/caio/.TinyTeX/texmf-dist/tex/latex/amsfonts/amssymb.sty) (/home/caio/.TinyTeX/texmf-dist/tex/latex/jknapltx/mathrsfs.sty) (/home/caio/.TinyTeX/texmf-dist/tex/generic/iftex/iftex.sty) (/home/caio/.TinyTeX/texmf-dist/tex/latex/base/fontenc.sty) (/home/caio/.TinyTeX/texmf-dist/tex/latex/psnfss/times.sty) (/home/caio/.TinyTeX/texmf-dist/tex/latex/inconsolata/zi4.sty `inconsolata-zi4' v1.12, 2019/05/17 Text macros for Inconsolata (msharpe) (/home/caio/.TinyTeX/texmf-dist/tex/latex/xkeyval/xkeyval.sty (/home/caio/.TinyTeX/texmf-dist/tex/generic/xkeyval/xkeyval.tex (/home/caio/.TinyTeX/texmf-dist/tex/generic/xkeyval/xkvutils.tex (/home/caio/.TinyTeX/texmf-dist/tex/generic/xkeyval/keyval.tex))))) (/home/caio/.TinyTeX/texmf-dist/tex/latex/graphics/color.sty (/home/caio/.TinyTeX/texmf-dist/tex/latex/graphics-cfg/color.cfg) (/home/caio/.TinyTeX/texmf-dist/tex/latex/graphics-def/pdftex.def) (/home/caio/.TinyTeX/texmf-dist/tex/latex/graphics/mathcolor.ltx)) (/home/caio/.TinyTeX/texmf-dist/tex/latex/hyperref/hyperref.sty (/home/caio/.TinyTeX/texmf-dist/tex/latex/kvsetkeys/kvsetkeys.sty) (/home/caio/.TinyTeX/texmf-dist/tex/generic/kvdefinekeys/kvdefinekeys.sty) (/home/caio/.TinyTeX/texmf-dist/tex/generic/pdfescape/pdfescape.sty (/home/caio/.TinyTeX/texmf-dist/tex/generic/ltxcmds/ltxcmds.sty) (/home/caio/.TinyTeX/texmf-dist/tex/generic/pdftexcmds/pdftexcmds.sty (/home/caio/.TinyTeX/texmf-dist/tex/generic/infwarerr/infwarerr.sty))) (/home/caio/.TinyTeX/texmf-dist/tex/latex/hycolor/hycolor.sty) (/home/caio/.TinyTeX/texmf-dist/tex/latex/hyperref/nameref.sty (/home/caio/.TinyTeX/texmf-dist/tex/latex/refcount/refcount.sty) (/home/caio/.TinyTeX/texmf-dist/tex/generic/gettitlestring/gettitlestring.sty (/home/caio/.TinyTeX/texmf-dist/tex/latex/kvoptions/kvoptions.sty))) (/home/caio/.TinyTeX/texmf-dist/tex/latex/etoolbox/etoolbox.sty) (/home/caio/.TinyTeX/texmf-dist/tex/generic/stringenc/stringenc.sty) (/home/caio/.TinyTeX/texmf-dist/tex/latex/hyperref/pd1enc.def) (/home/caio/.TinyTeX/texmf-dist/tex/generic/intcalc/intcalc.sty) (/home/caio/.TinyTeX/texmf-dist/tex/latex/hyperref/puenc.def) (/home/caio/.TinyTeX/texmf-dist/tex/generic/bitset/bitset.sty (/home/caio/.TinyTeX/texmf-dist/tex/generic/bigintcalc/bigintcalc.sty))) (/home/caio/.TinyTeX/texmf-dist/tex/latex/hyperref/hpdftex.def (/home/caio/.TinyTeX/texmf-dist/tex/latex/rerunfilecheck/rerunfilecheck.sty (/home/caio/.TinyTeX/texmf-dist/tex/generic/uniquecounter/uniquecounter.sty)))) (/home/caio/.TinyTeX/texmf-dist/tex/latex/base/makeidx.sty) (/home/caio/.TinyTeX/texmf-dist/tex/latex/base/inputenc.sty)
Writing index file Rd2.idx
(/home/caio/.TinyTeX/texmf-dist/tex/latex/psnfss/t1ptm.fd) (/home/caio/.TinyTeX/texmf-dist/tex/latex/l3backend/l3backend-pdftex.def) (./Rd2.aux) (./Rd2.out) (./Rd2.out) (/home/caio/.TinyTeX/texmf-dist/tex/latex/inconsolata/t1zi4.fd) (/home/caio/.TinyTeX/texmf-dist/tex/latex/amsfonts/umsa.fd) (/home/caio/.TinyTeX/texmf-dist/tex/latex/amsfonts/umsb.fd) (/home/caio/.TinyTeX/texmf-dist/tex/latex/jknapltx/ursfs.fd) (/home/caio/.TinyTeX/texmf-dist/tex/latex/psnfss/t1phv.fd) (./Rd2.toc [1{/home/caio/.TinyTeX/texmf-var/fonts/map/pdftex/updmap/pdftex.map}{/home/caio/.TinyTeX/texmf-dist/fonts/enc/dvips/base/8r.enc}{/home/caio/.TinyTeX/texmf-dist/fonts/enc/dvips/inconsolata/i4-t1-0.enc}]) (/home/caio/.TinyTeX/texmf-dist/tex/latex/inconsolata/ts1zi4.fd) [2{/home/caio/.TinyTeX/texmf-dist/fonts/enc/dvips/inconsolata/i4-ts1.enc}] [3] [4] [5] [6] [7] [8] [9] [10] [11] [12] [13] [14] [15] [16] [17] [18]
Overfull \hbox (67.58032pt too wide) in paragraph at lines 1026--1033
\T1/ptm/m/n/10 client: [][]$\T1/zi4/m/n/10 https : / / documentation . dataspace . copernicus . eu / APIs / SentinelHub / Overview / Authentication .
[19] [20] [21]
Underfull \vbox (badness 10000) has occurred while \output is active [22] [23] [24] [25] [26] [27] [28] [29] [30] (./Rd2.ind [31] [32]) (./Rd2.aux) )
(see the transcript file for additional information)
pdfTeX warning (dest): name{Rfn.krigeTg} has been referenced but does not exist, replaced by a fixed one


pdfTeX warning (dest): name{Rfn.idw} has been referenced but does not exist, replaced by a fixed one


pdfTeX warning (dest): name{Rfn.krige} has been referenced but does not exist, replaced by a fixed one


pdfTeX warning (dest): name{Rfn.valid.Rul.udunits} has been referenced but does not exist, replaced by a fixed one


pdfTeX warning (dest): name{Rfn.tm.Rul.rgb} has been referenced but does not exist, replaced by a fixed one


pdfTeX warning (dest): name{Rfn.wrap.Rul.plots} has been referenced but does not exist, replaced by a fixed one


pdfTeX warning (dest): name{Rfn.hcl.pals} has been referenced but does not exist, replaced by a fixed one

</home/caio/.TinyTeX/texmf-dist/fonts/type1/public/inconsolata/Inconsolata-zi4r.pfb></home/caio/.TinyTeX/texmf-dist/fonts/type1/public/amsfonts/cm/cmmi10.pfb></home/caio/.TinyTeX/texmf-dist/fonts/type1/public/amsfonts/cm/cmr10.pfb></home/caio/.TinyTeX/texmf-dist/fonts/type1/public/amsfonts/cm/cmsy10.pfb></home/caio/.TinyTeX/texmf-dist/fonts/type1/urw/helvetic/uhvr8a.pfb></home/caio/.TinyTeX/texmf-dist/fonts/type1/urw/times/utmb8a.pfb></home/caio/.TinyTeX/texmf-dist/fonts/type1/urw/times/utmr8a.pfb></home/caio/.TinyTeX/texmf-dist/fonts/type1/urw/times/utmr8a.pfb></home/caio/.TinyTeX/texmf-dist/fonts/type1/urw/times/utmri8a.pfb>
Output written on Rd2.pdf (32 pages, 172060 bytes).
Transcript written on Rd2.log.
Saving output to ‘pacu-manual.pdf’ ...
Done
You may want to clean up by 'rm -Rf /tmp/RtmpoTaTQq/Rd2pdfa72645caa4ac4'
